<?xml version="1.0" encoding="utf-8"?><testsuites><testsuite name="pytest" errors="0" failures="0" skipped="0" tests="25" time="6.447" timestamp="2025-11-03T11:47:26.858555" hostname="HPTurbo"><testcase classname="tests.unit.test_models.test_candidato_simple.TestCandidatoSimple" name="test_candidato_import" time="0.938" /><testcase classname="tests.unit.test_models.test_candidato_simple.TestCandidatoSimple" name="test_candidato_schema_import" time="0.001" /><testcase classname="tests.unit.test_models.test_candidato_simple.TestCandidatoSimple" name="test_candidato_fields_exist" time="0.001" /><testcase classname="tests.unit.test_models.test_eleccion_simple.TestEleccionSimple" name="test_eleccion_import" time="0.007" /><testcase classname="tests.unit.test_models.test_eleccion_simple.TestEleccionSimple" name="test_eleccion_schema_import" time="0.002" /><testcase classname="tests.unit.test_models.test_eleccion_simple.TestEleccionSimple" name="test_eleccion_enum_values" time="0.001" /><testcase classname="tests.unit.test_models.test_elector.TestElector" name="test_elector_creation_valid_data" time="0.518" /><testcase classname="tests.unit.test_models.test_elector.TestElector" name="test_elector_creation_missing_required_fields" time="0.264" /><testcase classname="tests.unit.test_models.test_elector.TestElector" name="test_revisar_contrasena_correct_password" time="0.449" /><testcase classname="tests.unit.test_models.test_elector.TestElector" name="test_revisar_contrasena_incorrect_password" time="0.437" /><testcase classname="tests.unit.test_models.test_elector.TestElector" name="test_hash_contrasena_method" time="0.394" /><testcase classname="tests.unit.test_models.test_elector.TestElector" name="test_usuario_unique_constraint" time="0.433" /><testcase classname="tests.unit.test_models.test_elector.TestElector" name="test_elector_str_representation" time="0.224" /><testcase classname="tests.unit.test_models.test_elector.TestElector" name="test_elector_to_dict" time="0.230" /><testcase classname="tests.unit.test_models.test_elector_minimal.TestElectorMinimal" name="test_elector_basic_creation" time="0.240" /><testcase classname="tests.unit.test_models.test_elector_minimal.TestElectorMinimal" name="test_password_hashing_works" time="0.665" /><testcase classname="tests.unit.test_models.test_elector_minimal.TestElectorMinimal" name="test_hash_method_independent" time="0.445" /><testcase classname="tests.unit.test_models.test_elector_minimal.TestElectorMinimal" name="test_elector_attributes" time="0.212" /><testcase classname="tests.unit.test_models.test_lista_candidato_simple.TestListaCandidatoSimple" name="test_lista_candidato_import" time="0.001" /><testcase classname="tests.unit.test_models.test_lista_candidato_simple.TestListaCandidatoSimple" name="test_estado_lista_enum_values" time="0.001" /><testcase classname="tests.unit.test_models.test_lista_candidato_simple.TestListaCandidatoSimple" name="test_lista_candidato_attributes" time="0.001" /><testcase classname="tests.unit.test_services.test_elector_service.TestElectorServiceImpl" name="test_elector_service_import" time="0.005" /><testcase classname="tests.unit.test_services.test_elector_service.TestElectorServiceImpl" name="test_get_elector_by_id_success" time="0.007" /><testcase classname="tests.unit.test_services.test_elector_service.TestElectorServiceImpl" name="test_create_elector_success" time="0.002" /><testcase classname="tests.unit.test_services.test_elector_service.TestElectorServiceImpl" name="test_get_elector_by_email_success" time="0.006" /></testsuite></testsuites>